
[1m[30m[46m RUN [49m[39m[22m [36mv4.1.5 [39m[90mC:/Users/ManojSaravanan/Downloads/radiant-bride-kit-main/radiant-bride-kit-main[39m

 [32mΓ£ô[39m src/tests/site.test.ts [2m([22m[2m8 tests[22m[2m)[22m[32m 22[2mms[22m[39m
cmd : [90mstderr[2m | src/tests/SectionHeading.test.tsx[2m > [22m[2mSectionHeading Component[2m > 
[22m[2mrenders the title correctly
At line:1 char:1
+ cmd /c npx vitest run > vitest-output.txt 2>&1
+ ~~~~~~~~~~~~~~~~~~~~~~~~~~~~~~~~~~~~~~~~~~~~~~
    + CategoryInfo          : NotSpecified: ([90mstderr[2m...title correctly:String) [], RemoteException
    + FullyQualifiedErrorId : NativeCommandError
 
[22m[39m[vitest] The vi.fn() mock did not use 'function' or 'class' in its implementation, see 
https://vitest.dev/api/vi#vi-spyon for examples.

[90mstderr[2m | src/tests/motion-helpers.test.tsx[2m > [22m[2mmotion-helpers[2m > [22m[2mReveal Component[2m 
> [22m[2mrenders children correctly
[22m[39m[vitest] The vi.fn() mock did not use 'function' or 'class' in its implementation, see 
https://vitest.dev/api/vi#vi-spyon for examples.

[90mstderr[2m | src/tests/motion-helpers.test.tsx[2m > [22m[2mmotion-helpers[2m > [22m[2mReveal Component[2m 
> [22m[2mapplies custom classNames
[22m[39m[vitest] The vi.fn() mock did not use 'function' or 'class' in its implementation, see 
https://vitest.dev/api/vi#vi-spyon for examples.

[90mstderr[2m | src/tests/SectionHeading.test.tsx[2m > [22m[2mSectionHeading Component[2m > [22m[2mrenders the 
eyebrow text when provided
[22m[39m[vitest] The vi.fn() mock did not use 'function' or 'class' in its implementation, see 
https://vitest.dev/api/vi#vi-spyon for examples.

[90mstderr[2m | src/tests/SectionHeading.test.tsx[2m > [22m[2mSectionHeading Component[2m > [22m[2mrenders the 
subtitle when provided
[22m[39m[vitest] The vi.fn() mock did not use 'function' or 'class' in its implementation, see 
https://vitest.dev/api/vi#vi-spyon for examples.

[90mstderr[2m | src/tests/motion-helpers.test.tsx[2m > [22m[2mmotion-helpers[2m > [22m[2mCountUp Component[2m 
> [22m[2mrenders the initial value initially when not in view
[22m[39m[vitest] The vi.fn() mock did not use 'function' or 'class' in its implementation, see 
https://vitest.dev/api/vi#vi-spyon for examples.

[90mstderr[2m | src/tests/SectionHeading.test.tsx[2m > [22m[2mSectionHeading Component[2m > [22m[2muses the 
provided titleId for the heading element
[22m[39m[vitest] The vi.fn() mock did not use 'function' or 'class' in its implementation, see 
https://vitest.dev/api/vi#vi-spyon for examples.

[90mstderr[2m | src/tests/SectionHeading.test.tsx[2m > [22m[2mSectionHeading Component[2m > [22m[2mrenders as 
h1 when specified
[22m[39m[vitest] The vi.fn() mock did not use 'function' or 'class' in its implementation, see 
https://vitest.dev/api/vi#vi-spyon for examples.

 [31mΓ¥»[39m src/tests/motion-helpers.test.tsx [2m([22m[2m3 tests[22m[2m | [22m[31m3 failed[39m[2m)[22m[32m 134[2mms[22m[39m
[31m       [31m├ù[31m renders children correctly[39m[32m 94[2mms[22m[39m
[31m       [31m├ù[31m applies custom classNames[39m[32m 16[2mms[22m[39m
[31m       [31m├ù[31m renders the initial value initially when not in view[39m[32m 17[2mms[22m[39m
 [31mΓ¥»[39m src/tests/SectionHeading.test.tsx [2m([22m[2m5 tests[22m[2m | [22m[31m5 failed[39m[2m)[22m[32m 170[2mms[22m[39m
[31m     [31m├ù[31m renders the title correctly[39m[32m 98[2mms[22m[39m
[31m     [31m├ù[31m renders the eyebrow text when provided[39m[32m 20[2mms[22m[39m
[31m     [31m├ù[31m renders the subtitle when provided[39m[32m 18[2mms[22m[39m
[31m     [31m├ù[31m uses the provided titleId for the heading element[39m[32m 14[2mms[22m[39m
[31m     [31m├ù[31m renders as h1 when specified[39m[32m 14[2mms[22m[39m

[31mΓÄ»ΓÄ»ΓÄ»ΓÄ»ΓÄ»ΓÄ»ΓÄ»[39m[1m[41m Failed Tests 8 [49m[22m[31mΓÄ»ΓÄ»ΓÄ»ΓÄ»ΓÄ»ΓÄ»ΓÄ»[39m

[41m[1m FAIL [22m[49m src/tests/motion-helpers.test.tsx[2m > [22mmotion-helpers[2m > [22mReveal Component[2m 
> [22mrenders children correctly
[41m[1m FAIL [22m[49m src/tests/motion-helpers.test.tsx[2m > [22mmotion-helpers[2m > [22mReveal Component[2m 
> [22mapplies custom classNames
[41m[1m FAIL [22m[49m src/tests/SectionHeading.test.tsx[2m > [22mSectionHeading Component[2m > [22mrenders the 
title correctly
[41m[1m FAIL [22m[49m src/tests/SectionHeading.test.tsx[2m > [22mSectionHeading Component[2m > [22mrenders the 
eyebrow text when provided
[41m[1m FAIL [22m[49m src/tests/SectionHeading.test.tsx[2m > [22mSectionHeading Component[2m > [22mrenders the 
subtitle when provided
[41m[1m FAIL [22m[49m src/tests/SectionHeading.test.tsx[2m > [22mSectionHeading Component[2m > [22muses the 
provided titleId for the heading element
[41m[1m FAIL [22m[49m src/tests/SectionHeading.test.tsx[2m > [22mSectionHeading Component[2m > [22mrenders as 
h1 when specified
[31m[1mTypeError[22m: () => ({
  disconnect: vi.fn(),
  observe: vi.fn(),
  takeRecords: ...<omitted>...}) is not a constructor[39m
[90m [2mΓ¥»[22m initIntersectionObserver 
node_modules/framer-motion/src/motion/features/viewport/observers.ts:[2m54:29[22m[39m
[90m [2mΓ¥»[22m observeIntersection 
node_modules/framer-motion/src/motion/features/viewport/observers.ts:[2m68:38[22m[39m
[90m [2mΓ¥»[22m InViewFeature.startObserver 
node_modules/framer-motion/src/motion/features/viewport/index.ts:[2m66:28[22m[39m
[90m [2mΓ¥»[22m InViewFeature.mount 
node_modules/framer-motion/src/motion/features/viewport/index.ts:[2m74:13[22m[39m
[90m [2mΓ¥»[22m HTMLVisualElement.updateFeatures 
node_modules/motion-dom/src/render/VisualElement.ts:[2m656:28[22m[39m
[90m [2mΓ¥»[22m node_modules/framer-motion/dist/es/motion/utils/use-visual-element.mjs:[2m95:23[22m[39m
[90m [2mΓ¥»[22m Object.react_stack_bottom_frame 
node_modules/react-dom/cjs/react-dom-client.development.js:[2m25989:20[22m[39m
[90m [2mΓ¥»[22m runWithFiberInDEV node_modules/react-dom/cjs/react-dom-client.development.js:[2m874:13[22m[39m
[90m [2mΓ¥»[22m commitHookEffectListMount 
node_modules/react-dom/cjs/react-dom-client.development.js:[2m13249:29[22m[39m

[31m[2mΓÄ»ΓÄ»ΓÄ»ΓÄ»ΓÄ»ΓÄ»ΓÄ»ΓÄ»ΓÄ»ΓÄ»ΓÄ»ΓÄ»ΓÄ»ΓÄ»ΓÄ»ΓÄ»ΓÄ»ΓÄ»ΓÄ»ΓÄ»ΓÄ»ΓÄ»ΓÄ»ΓÄ»[1/8]ΓÄ»[22m[39m

[41m[1m FAIL [22m[49m src/tests/motion-helpers.test.tsx[2m > [22mmotion-helpers[2m > [22mCountUp Component[2m 
> [22mrenders the initial value initially when not in view
[31m[1mTypeError[22m: () => ({
  disconnect: vi.fn(),
  observe: vi.fn(),
  takeRecords: ...<omitted>...}) is not a constructor[39m
[90m [2mΓ¥»[22m inView node_modules/framer-motion/src/render/dom/viewport/index.ts:[2m59:21[22m[39m
[90m [2mΓ¥»[22m node_modules/framer-motion/dist/es/utils/use-in-view.mjs:[2m19:16[22m[39m
[90m [2mΓ¥»[22m Object.react_stack_bottom_frame 
node_modules/react-dom/cjs/react-dom-client.development.js:[2m25989:20[22m[39m
[90m [2mΓ¥»[22m runWithFiberInDEV node_modules/react-dom/cjs/react-dom-client.development.js:[2m874:13[22m[39m
[90m [2mΓ¥»[22m commitHookEffectListMount 
node_modules/react-dom/cjs/react-dom-client.development.js:[2m13249:29[22m[39m
[90m [2mΓ¥»[22m commitHookPassiveMountEffects 
node_modules/react-dom/cjs/react-dom-client.development.js:[2m13336:11[22m[39m
[90m [2mΓ¥»[22m commitPassiveMountOnFiber 
node_modules/react-dom/cjs/react-dom-client.development.js:[2m15484:13[22m[39m
[90m [2mΓ¥»[22m recursivelyTraversePassiveMountEffects 
node_modules/react-dom/cjs/react-dom-client.development.js:[2m15439:11[22m[39m
[90m [2mΓ¥»[22m commitPassiveMountOnFiber 
node_modules/react-dom/cjs/react-dom-client.development.js:[2m15519:11[22m[39m

[31m[2mΓÄ»ΓÄ»ΓÄ»ΓÄ»ΓÄ»ΓÄ»ΓÄ»ΓÄ»ΓÄ»ΓÄ»ΓÄ»ΓÄ»ΓÄ»ΓÄ»ΓÄ»ΓÄ»ΓÄ»ΓÄ»ΓÄ»ΓÄ»ΓÄ»ΓÄ»ΓÄ»ΓÄ»[2/8]ΓÄ»[22m[39m


[2m Test Files [22m [1m[31m2 failed[39m[22m[2m | [22m[1m[32m1 passed[39m[22m[90m (3)[39m
[2m      Tests [22m [1m[31m8 failed[39m[22m[2m | [22m[1m[32m8 passed[39m[22m[90m (16)[39m
[2m   Start at [22m 01:40:27
[2m   Duration [22m 7.70s[2m (transform 527ms, setup 2.79s, import 1.79s, tests 325ms, environment 13.97s)[22m

